     1                                  segment code
     2                                  ..start:
     3 00000000 B8[0000]                    mov ax, data
     4 00000003 8ED8                        mov ds, ax
     5 00000005 B8[0000]                    mov ax, stack
     6 00000008 8ED0                        mov ss, ax
     7 0000000A BC[0001]                    mov sp, stacktop
     8                                  
     9 0000000D BA[0000]                    mov dx, msg
    10 00000010 B409                        mov ah, 09h
    11 00000012 CD21                        int 21h
    12                                  
    13 00000014 B44C                        mov ah, 4ch
    14 00000016 CD21                        int 21h
    15                                  
    16                                  segment data
    17                                      CR equ 0dh
    18                                      LF equ 0ah
    19                                  
    20 00000000 4F6C61206D756E646F-         msg db 'Ola mundo', CR, LF, '$'
    21 00000009 0D0A24             
    22                                  
    23                                  segment stack stack
    24 00000000 <res 00000100>              resb 256
    25                                  stacktop:
